[Licensing::Module] Trying to connect to existing licensing client channel...
Built from '6000.5/staging' branch; Version is '6000.5.2f1 (eb73d3b415a1) revision 15430611'; Using compiler version '194234433'; Build Type 'Release'
[Licensing::IpcConnector] Successfully connected to: "LicenseClient-HP" at "2026-08-23T17:52:09.2227734Z"
OS: 'Windows 11  (10.0.22631) Professional' Language: 'tr' Physical Memory: 16003 MB
BatchMode: 1, IsHumanControllingUs: 0, StartBugReporterOnCrash: 0, Is64bit: 1
System  architecture: x64
Process architecture: x64
Date: 2026-08-23T17:52:09Z

COMMAND LINE ARGUMENTS:
C:\Program Files\Unity\Hub\Editor\6000.5.2f1\Editor\Unity.exe
-adb2
-batchMode
-noUpm
-name
AssetImportWorkerHW1
-projectPath
C:/Users/HP/İlk projem
-logFile
Logs/AssetImportWorkerHW1.log
-srvPort
50963
-parentPid
34768
-analyticsCloudUserId
18968458499749
-analyticsCloudProjectId
7c1804be-488f-4534-9c1c-f650c7ee91f2
-analyticsLocalProjectId
b14171b5b51751c4ab65f39d80e04ed6
-licensingIpc
LicenseClient-HP
-noDiagnosticSwitchPersistentStore
-job-worker-count
3
-background-job-worker-count
8
-asset-garbage-collectors
1
-force-d3d12
-name
AssetImport
Successfully changed project path to: C:/Users/HP/İlk projem
C:/Users/HP/İlk projem
[UnityMemory] Configuration Parameters - Can be set up in boot.config
    "memorysetup-temp-allocator-size-gi-baking-worker=262144"
    "memorysetup-temp-allocator-size-gi-baking-worker=262144"
    "memorysetup-temp-allocator-size-gi-baking-worker=262144"
    "memorysetup-temp-allocator-size-gi-baking-worker=262144"
    "memorysetup-temp-allocator-size-gi-baking-worker=262144"
    "memorysetup-temp-allocator-size-nav-mesh-worker=65536"
    "memorysetup-temp-allocator-size-audio-worker=65536"
    "memorysetup-temp-allocator-size-cloud-worker=32768"
    "memorysetup-temp-allocator-size-gfx=262144"
    "memorysetup-temp-allocator-size-preload-manager=33554432"
    "memorysetup-allocator-temp-initial-block-size-main=262144"
    "memorysetup-allocator-temp-initial-block-size-worker=262144"
    "memorysetup-temp-allocator-size-job-worker=262144"
    "memorysetup-temp-allocator-size-background-worker=32768"
    "memorysetup-bucket-allocator-granularity=16"
    "memorysetup-bucket-allocator-bucket-count=8"
    "memorysetup-bucket-allocator-block-size=33554432"
    "memorysetup-bucket-allocator-block-count=8"
    "memorysetup-main-allocator-block-size=16777216"
    "memorysetup-thread-allocator-block-size=16777216"
    "memorysetup-main-allocator-mimalloc-enabled=0"
    "memorysetup-gfx-main-allocator-block-size=16777216"
    "memorysetup-gfx-thread-allocator-block-size=16777216"
    "memorysetup-cache-allocator-block-size=4194304"
    "memorysetup-typetree-allocator-block-size=2097152"
    "memorysetup-profiler-bucket-allocator-granularity=16"
    "memorysetup-profiler-bucket-allocator-bucket-count=8"
    "memorysetup-profiler-bucket-allocator-block-size=33554432"
    "memorysetup-profiler-bucket-allocator-block-count=8"
    "memorysetup-profiler-allocator-block-size=16777216"
    "memorysetup-profiler-editor-allocator-block-size=1048576"
    "memorysetup-temp-allocator-size-main=16777216"
    "memorysetup-job-temp-allocator-block-size=2097152"
    "memorysetup-job-temp-allocator-block-size-background=1048576"
    "memorysetup-job-temp-allocator-reduction-small-platforms=262144"
Player connection [21312]  Target information:

Player connection [21312]  * "[IP] 192.168.1.107 [Port] 0 [Flags] 2 [Guid] 3740606221 [EditorId] 3740606221 [Version] 1048832 [Id] WindowsEditor(7,DESKTOP-NCR4VUN) [Debug] 1 [PackageName] WindowsEditor [ProjectName] Editor" 

Player connection [21312] Host joined multi-casting on [225.0.0.222:54997]...
Player connection [21312] Host joined alternative multi-casting on [225.0.0.222:34997]...
JobSystem: Creating JobQueue using job-worker-count value 3
Input System module state changed to: Initialized.
[Physics::Module] Initialized fallback backend.
[Physics::Module] Id: 0xdecafbad
Library Redirect Path: Library/
[Physics::Module] Selected backend.
[Physics::Module] Name: PhysX
[Physics::Module] Id: 0xf2b8ea05
[Physics::Module] SDK Version: 4.1.2
[Physics::Module] Integration Version: 1.0.0
[Physics::Module] Threading Mode: Multi-Threaded
Active build profile path: `Assets/Settings/Build Profiles/Windows.asset`
Got setting from build profile YAML, name `m_BuildTarget`, value `19`
Got setting from build profile YAML, name `m_Subtarget`, value `2`
Refreshing native plugins compatible for Editor in 10.20 ms, found 4 plugins.
Initialize engine version: 6000.5.2f1 (eb73d3b415a1)
[Subsystems] Discovering subsystems at path C:/Program Files/Unity/Hub/Editor/6000.5.2f1/Editor/Data/Resources/UnitySubsystems
[Subsystems] Discovering subsystems at path C:/Users/HP/İlk projem/Assets
Forcing GfxDevice: Direct3D 12
GfxDevice: creating device client; kGfxThreadingModeNonThreaded
d3d12: failed to query info queue interface (0x80004002).
Direct3D:
    Version:         Direct3D 12 [level 12.1]
    Renderer:        Intel(R) UHD Graphics 620 (ID=0x5917)
    Vendor:          Intel
    VRAM:            8001 MB
    App VRAM Budget: 7345 MB
    Driver:          31.0.101.2130
    Unified Memory Architecture
    Cache Coherent UMA
Built-in Resource not available at this time. May cause unexpected or untested fall-back logic.
Built-in Resource not available at this time. May cause unexpected or untested fall-back logic.
Initialize mono
Mono path[0] = 'C:/Program Files/Unity/Hub/Editor/6000.5.2f1/Editor/Data/Managed'
Mono path[1] = 'C:/Program Files/Unity/Hub/Editor/6000.5.2f1/Editor/Data/BCLExtensions/runtime/netstandard2.1'
Mono path[2] = 'C:/Program Files/Unity/Hub/Editor/6000.5.2f1/Editor/Data/MonoBleedingEdge/lib/mono/unityjit-win32'
Mono config path = 'C:/Program Files/Unity/Hub/Editor/6000.5.2f1/Editor/Data/MonoBleedingEdge/etc'
Using monoOptions --debugger-agent=transport=dt_socket,embedding=1,server=y,suspend=n,address=127.0.0.1:56764
CodeReloadManager initialized
Begin MonoManager ReloadAssembly
Registering precompiled unity dll's ...
Register platform support module: C:/Program Files/Unity/Hub/Editor/6000.5.2f1/Editor/Data/PlaybackEngines/WebGLSupport/UnityEditor.WebGL.Extensions.dll
Register platform support module: C:/Program Files/Unity/Hub/Editor/6000.5.2f1/Editor/Data/PlaybackEngines/WindowsStandaloneSupport/UnityEditor.WindowsStandalone.Extensions.dll
Registered in 0.004278 seconds.
Native extension for WindowsStandalone target not found
Native extension for WebGL target not found
Package Manager log level set to [2]
[Package Manager] Failed to launch server process. Reason: Unity was launched with the -noUpm command-line argument
[Package Manager] Unable to send message (not connected to server process).
[Package Manager] Cannot connect to Unity Package Manager local server
ScheduleIndexationOnStartup MainProcess:False IndexOnStartup:True
Mono: successfully reloaded assembly
- Finished resetting the current domain, in  1.365 seconds
Domain Reload Profiling: 3053ms
	BeginReloadAssembly (408ms)
	RebuildCommonClasses (18ms)
	RebuildNativeTypeToScriptingClass (52ms)
	initialDomainReloadingComplete (158ms)
	LoadAllAssembliesAndSetupDomain (1044ms)
		LoadAssemblies (398ms)
		AnalyzeDomain (784ms)
			TypeCache.Refresh (778ms)
				TypeCache.ScanAssembly (716ms)
			BuildScriptInfoCaches (3ms)
	FinalizeReload (1372ms)
		SetupLoadedEditorAssemblies (0ms)
			InitializePlatformSupportModulesInManaged (6ms)
			BeforeProcessingInitializeOnLoad (300ms)
			ProcessInitializeOnLoadAttributes (370ms)
			ProcessInitializeOnLoadMethodAttributes (432ms)
Initializing Unity extensions:
[Licensing::Module] Licensing is not yet initialized.
[Licensing::Client] Error: HandshakeResponse reported an error:
	ResponseCode: 505
	ResponseStatus: Unsupported protocol version '1.18.1'.
[Licensing::Module] Error: Failed to handshake to channel: "LicenseClient-HP"
[Licensing::IpcConnector] LicenseClient-HP channel disconnected successfully.
[Licensing::IpcConnector] Successfully connected to: "LicenseClient-HP-6000.5.2" at "2026-08-23T17:52:16.2787374Z"
[Licensing::Client] Code 10 while verifying Licensing Client signature (process Id: 11392, path: "C:/Program Files/Unity/Hub/Editor/6000.5.2f1/Editor/Data/Resources/Licensing/Client/Unity.Licensing.Client.exe")
[Licensing::Module] LicensingClient has failed validation; ignoring
[Licensing::Client] Handshaking with LicensingClient:
  Version:                 1.18.1+9fbee8e
  Session Id:              fee45a7542f84d8fb9648cc5602f0931
  Correlation Id:          c260d368121ffb678359c1e12602de57
  External correlation Id: 912462266498517324
  Machine Id:              8OI4i3iraXNlx67dgp2SBC6twsU=
[Licensing::Module] Successfully connected to LicensingClient on channel: "LicenseClient-HP-6000.5.2" (connect: 0.00s, validation: 0.00s, handshake: 0.03s)
[Licensing::IpcConnector] Successfully connected to: "LicenseClient-HP-6000.5.2-notifications" at "2026-08-23T17:52:16.3081808Z"
[Licensing::Module] Licensing Background thread has ended after 7.09s
[Licensing::Module] Licensing is initialized (took 1.78s).
[Licensing::Client] Successfully resolved entitlement details
[Licensing::Module] License group:
  Id: 18968458499749-UnityPersXXXX
  Product: Unity Personal
  Type: Assigned
  Expiration: Unlimited
Curl error 3: URL rejected: Malformed input to a URL function
========================================================================
Worker process is ready to serve import requests
Import Worker Mode flag is 0x00
Got setting from build profile YAML, name `m_Development`, value `0`
Begin MonoManager ReloadAssembly
Launched and connected shader compiler UnityShaderCompiler.exe after 0.03 seconds
Refreshing native plugins compatible for Editor in 4.06 ms, found 4 plugins.
Native extension for WindowsStandalone target not found
Native extension for WebGL target not found
[Package Manager] Failed to launch server process. Reason: Unity was launched with the -noUpm command-line argument
[Package Manager] Unable to send message (not connected to server process).
[Package Manager] Cannot connect to Unity Package Manager local server
Refreshing native plugins compatible for Editor in 5.39 ms, found 4 plugins.
[Package Manager] Failed to launch server process. Reason: Unity was launched with the -noUpm command-line argument
[Package Manager] Unable to send message (not connected to server process).
[Package Manager] Cannot connect to Unity Package Manager local server
ScheduleIndexationOnStartup MainProcess:False IndexOnStartup:True
Mono: successfully reloaded assembly
- Finished resetting the current domain, in  2.114 seconds
Domain Reload Profiling: 4796ms
	BeginReloadAssembly (751ms)
		DisableScriptedObjects (290ms)
		CreateAndSetChildDomain (72ms)
	RebuildCommonClasses (20ms)
	RebuildNativeTypeToScriptingClass (42ms)
	initialDomainReloadingComplete (187ms)
	LoadAllAssembliesAndSetupDomain (1678ms)
		LoadAssemblies (934ms)
		AnalyzeDomain (744ms)
			TypeCache.Refresh (519ms)
				TypeCache.ScanAssembly (484ms)
			BuildScriptInfoCaches (188ms)
			ResolveRequiredComponents (30ms)
	FinalizeReload (2118ms)
		SetupLoadedEditorAssemblies (0ms)
			InitializePlatformSupportModulesInManaged (5ms)
			BeforeProcessingInitializeOnLoad (275ms)
			ProcessInitializeOnLoadAttributes (864ms)
			ProcessInitializeOnLoadMethodAttributes (308ms)
			AfterProcessingInitializeOnLoad (14ms)
		AwakeInstancesAfterBackupRestoration (34ms)
AcceleratorClientConnectionCallback - disconnected - :0
Refreshing native plugins compatible for Editor in 5.78 ms, found 4 plugins.
Curl error 3: URL rejected: Malformed input to a URL function
Unloading 22 Unused Serialized files (Serialized files now loaded: 0)
Unloading 6434 unused Assets / (7.7 MB). Loaded Objects now: 7298.
Memory consumption went from 318.6 MB to 310.9 MB.
Total: 36.995900 ms (FindLiveObjects: 1.825700 ms CreateObjectMapping: 6.944300 ms MarkObjects: 19.431400 ms  DeleteObjects: 8.786300 ms)

========================================================================
Received Prepare
AcceleratorClientConnectionCallback - disconnected - :0
Begin MonoManager ReloadAssembly
Refreshing native plugins compatible for Editor in 4.31 ms, found 4 plugins.
Native extension for WindowsStandalone target not found
Native extension for WebGL target not found
[Package Manager] Failed to launch server process. Reason: Unity was launched with the -noUpm command-line argument
[Package Manager] Unable to send message (not connected to server process).
[Package Manager] Cannot connect to Unity Package Manager local server
[Package Manager] Failed to launch server process. Reason: Unity was launched with the -noUpm command-line argument
[Package Manager] Unable to send message (not connected to server process).
[Package Manager] Cannot connect to Unity Package Manager local server
ScheduleIndexationOnStartup MainProcess:False IndexOnStartup:True
Mono: successfully reloaded assembly
- Finished resetting the current domain, in  2.314 seconds
Domain Reload Profiling: 4356ms
	BeginReloadAssembly (623ms)
		DisableScriptedObjects (55ms)
		CreateAndSetChildDomain (124ms)
	RebuildCommonClasses (35ms)
	RebuildNativeTypeToScriptingClass (74ms)
	initialDomainReloadingComplete (206ms)
	LoadAllAssembliesAndSetupDomain (1094ms)
		LoadAssemblies (1007ms)
		AnalyzeDomain (47ms)
			TypeCache.Refresh (20ms)
			ResolveRequiredComponents (19ms)
	FinalizeReload (2324ms)
		SetupLoadedEditorAssemblies (0ms)
			InitializePlatformSupportModulesInManaged (6ms)
			BeforeProcessingInitializeOnLoad (275ms)
			ProcessInitializeOnLoadAttributes (598ms)
			ProcessInitializeOnLoadMethodAttributes (338ms)
			AfterProcessingInitializeOnLoad (29ms)
		AwakeInstancesAfterBackupRestoration (102ms)
Refreshing native plugins compatible for Editor in 13.67 ms, found 4 plugins.
Unloading 22 Unused Serialized files (Serialized files now loaded: 0)
Unloading 6431 unused Assets / (6.7 MB). Loaded Objects now: 7343.
Memory consumption went from 317.8 MB to 311.2 MB.
Total: 83.573400 ms (FindLiveObjects: 3.391800 ms CreateObjectMapping: 17.146100 ms MarkObjects: 44.582600 ms  DeleteObjects: 18.446500 ms)

Prepare: number of updated asset objects reloaded= 0
========================================================================
Received Prepare
AcceleratorClientConnectionCallback - disconnected - :0
Refreshing native plugins compatible for Editor in 3.23 ms, found 4 plugins.
Unloading 22 Unused Serialized files (Serialized files now loaded: 0)
Unloading 23 unused Assets / (2.6 MB). Loaded Objects now: 7343.
Memory consumption went from 316.0 MB to 313.4 MB.
Total: 128.969100 ms (FindLiveObjects: 6.210800 ms CreateObjectMapping: 2.667500 ms MarkObjects: 118.624900 ms  DeleteObjects: 1.462600 ms)

Prepare: number of updated asset objects reloaded= 0
========================================================================
Received Import Request.
  Time of request: 2026-08-26T08:43:13.829979Z
  Time since last request: 691308.74579499999527 seconds.
  importAddress: GUID: ea43da25ccd1609468274a76ba4fa175 - Path: Assets/images.png - Importer: PreviewImporter
Importing 'GUID: ea43da25ccd1609468274a76ba4fa175 - Path: Assets/images.png - Importer: PreviewImporter' with importer (PreviewImporter)
Imported 'GUID: ea43da25ccd1609468274a76ba4fa175' -> (Import Result ID: '8df68b81eb925c3a8c9d532a4445a887') in 0.528 seconds [static and dynamic dependencies]. Details - ImportResultOutputID=54bc9646e82743aaacbead31ffef4748 DependenciesID=62ae3f74fe8a1d554a96902debf51a75 StaticDependenciesID=376ba947a958fedc90c98a3da2d399d9 
Number of updated asset objects reloaded before import = 0
Number of asset objects unloaded after import = 2
========================================================================
Received Prepare
AcceleratorClientConnectionCallback - disconnected - :0
Refreshing native plugins compatible for Editor in 2.88 ms, found 4 plugins.
Unloading 22 Unused Serialized files (Serialized files now loaded: 0)
Unloading 23 unused Assets / (2.6 MB). Loaded Objects now: 7348.
Memory consumption went from 314.1 MB to 311.5 MB.
Total: 11.348200 ms (FindLiveObjects: 0.570700 ms CreateObjectMapping: 1.170400 ms MarkObjects: 9.024000 ms  DeleteObjects: 0.581700 ms)

Prepare: number of updated asset objects reloaded= 0
========================================================================
Received Prepare
AcceleratorClientConnectionCallback - disconnected - :0
Refreshing native plugins compatible for Editor in 7.22 ms, found 4 plugins.
Unloading 22 Unused Serialized files (Serialized files now loaded: 0)
Unloading 23 unused Assets / (2.6 MB). Loaded Objects now: 7348.
Memory consumption went from 316.9 MB to 314.3 MB.
Total: 44.799500 ms (FindLiveObjects: 0.903500 ms CreateObjectMapping: 3.942800 ms MarkObjects: 39.043000 ms  DeleteObjects: 0.908000 ms)

Prepare: number of updated asset objects reloaded= 1
